// Jest Snapshot v1, https://goo.gl/fbAQLP

exports[`Section Title should verify changes on Tag component styles 1`] = `"bg-deep-sky-blue text-white inline-block py-1.5 px-2.5 my-1 mx-0.5 rounded"`;
