// Jest Snapshot v1, https://goo.gl/fbAQLP

exports[`MainTitle verifies changes in the component style 1`] = `"flex flex-col items-center font-bold mb-7 text-4xl sm:text-5xl lg:text-6xl leading-tight sm:leading-tight lg:leading-tight text-dark-jungle-green text-center after:bg-mercury after:block after:content-[""] after:h-0.5 after:mt-4 after:w-14"`;
